com\ramazanfirat\iosmobileapi\user\Status.class
com\ramazanfirat\iosmobileapi\user\IUserService.class
com\ramazanfirat\iosmobileapi\chat\normalChat\ChatMessage$ChatMessageBuilder.class
com\ramazanfirat\iosmobileapi\config\WebSocketConfig.class
com\ramazanfirat\iosmobileapi\user\User.class
com\ramazanfirat\iosmobileapi\chat\groupChat\GroupChatMessage$GroupChatMessageBuilder.class
com\ramazanfirat\iosmobileapi\chat\groupChat\IGroupChatMessageService.class
com\ramazanfirat\iosmobileapi\user\User$UserBuilder.class
com\ramazanfirat\iosmobileapi\chat\normalChat\ChatMessageRepository.class
com\ramazanfirat\iosmobileapi\user\UserController.class
com\ramazanfirat\iosmobileapi\chatRoom\IChatRoomService.class
com\ramazanfirat\iosmobileapi\chat\groupChat\GroupChatMessageService.class
com\ramazanfirat\iosmobileapi\chat\groupChat\GroupChatNotification$GroupChatNotificationBuilder.class
com\ramazanfirat\iosmobileapi\chatRoom\ChatRoomService.class
com\ramazanfirat\iosmobileapi\chat\normalChat\IChatMessageService.class
com\ramazanfirat\iosmobileapi\chat\groupChat\GroupChatNotification.class
com\ramazanfirat\iosmobileapi\chatRoom\ChatRoomRepository.class
com\ramazanfirat\iosmobileapi\groupChatRoom\GroupChatRoomService.class
com\ramazanfirat\iosmobileapi\chat\groupChat\GroupChatMessage.class
com\ramazanfirat\iosmobileapi\chat\normalChat\ChatNotification$ChatNotificationBuilder.class
com\ramazanfirat\iosmobileapi\user\UserService.class
com\ramazanfirat\iosmobileapi\groupChatRoom\IGroupChatRoomService.class
com\ramazanfirat\iosmobileapi\user\UserRepository.class
com\ramazanfirat\iosmobileapi\chatRoom\ChatRoom$ChatRoomBuilder.class
com\ramazanfirat\iosmobileapi\chat\normalChat\ChatNotification.class
com\ramazanfirat\iosmobileapi\groupChatRoom\GroupChatRoomRepository.class
com\ramazanfirat\iosmobileapi\IosmobileapiApplication.class
com\ramazanfirat\iosmobileapi\chat\groupChat\GroupChatMessageRepository.class
com\ramazanfirat\iosmobileapi\chat\normalChat\ChatMessageService.class
com\ramazanfirat\iosmobileapi\chat\ChatController.class
com\ramazanfirat\iosmobileapi\groupChatRoom\GroupChatRoom$GroupChatRoomBuilder.class
com\ramazanfirat\iosmobileapi\chat\normalChat\ChatMessage.class
com\ramazanfirat\iosmobileapi\chatRoom\ChatRoom.class
com\ramazanfirat\iosmobileapi\chat\GroupController.class
com\ramazanfirat\iosmobileapi\groupChatRoom\GroupChatRoom.class
com\ramazanfirat\iosmobileapi\config\Conf.class
