C:\___ProjectsMultilingual\Java\iosmobileapi\src\main\java\com\ramazanfirat\iosmobileapi\config\Conf.java
C:\___ProjectsMultilingual\Java\iosmobileapi\src\main\java\com\ramazanfirat\iosmobileapi\chat\normalChat\ChatMessageRepository.java
C:\___ProjectsMultilingual\Java\iosmobileapi\src\main\java\com\ramazanfirat\iosmobileapi\config\WebSocketConfig.java
C:\___ProjectsMultilingual\Java\iosmobileapi\src\main\java\com\ramazanfirat\iosmobileapi\groupChatRoom\IGroupChatRoomService.java
C:\___ProjectsMultilingual\Java\iosmobileapi\src\main\java\com\ramazanfirat\iosmobileapi\user\Status.java
C:\___ProjectsMultilingual\Java\iosmobileapi\src\main\java\com\ramazanfirat\iosmobileapi\chat\groupChat\GroupChatNotification.java
C:\___ProjectsMultilingual\Java\iosmobileapi\src\main\java\com\ramazanfirat\iosmobileapi\chatRoom\ChatRoomService.java
C:\___ProjectsMultilingual\Java\iosmobileapi\src\main\java\com\ramazanfirat\iosmobileapi\chat\groupChat\IGroupChatMessageService.java
C:\___ProjectsMultilingual\Java\iosmobileapi\src\main\java\com\ramazanfirat\iosmobileapi\chat\normalChat\ChatNotification.java
C:\___ProjectsMultilingual\Java\iosmobileapi\src\main\java\com\ramazanfirat\iosmobileapi\chat\ChatController.java
C:\___ProjectsMultilingual\Java\iosmobileapi\src\main\java\com\ramazanfirat\iosmobileapi\chat\GroupController.java
C:\___ProjectsMultilingual\Java\iosmobileapi\src\main\java\com\ramazanfirat\iosmobileapi\user\UserController.java
C:\___ProjectsMultilingual\Java\iosmobileapi\src\main\java\com\ramazanfirat\iosmobileapi\user\UserService.java
C:\___ProjectsMultilingual\Java\iosmobileapi\src\main\java\com\ramazanfirat\iosmobileapi\groupChatRoom\GroupChatRoomRepository.java
C:\___ProjectsMultilingual\Java\iosmobileapi\src\main\java\com\ramazanfirat\iosmobileapi\IosmobileapiApplication.java
C:\___ProjectsMultilingual\Java\iosmobileapi\src\main\java\com\ramazanfirat\iosmobileapi\user\UserRepository.java
C:\___ProjectsMultilingual\Java\iosmobileapi\src\main\java\com\ramazanfirat\iosmobileapi\groupChatRoom\GroupChatRoom.java
C:\___ProjectsMultilingual\Java\iosmobileapi\src\main\java\com\ramazanfirat\iosmobileapi\chat\normalChat\ChatMessage.java
C:\___ProjectsMultilingual\Java\iosmobileapi\src\main\java\com\ramazanfirat\iosmobileapi\chatRoom\ChatRoomRepository.java
C:\___ProjectsMultilingual\Java\iosmobileapi\src\main\java\com\ramazanfirat\iosmobileapi\user\IUserService.java
C:\___ProjectsMultilingual\Java\iosmobileapi\src\main\java\com\ramazanfirat\iosmobileapi\chat\groupChat\GroupChatMessageService.java
C:\___ProjectsMultilingual\Java\iosmobileapi\src\main\java\com\ramazanfirat\iosmobileapi\chatRoom\ChatRoom.java
C:\___ProjectsMultilingual\Java\iosmobileapi\src\main\java\com\ramazanfirat\iosmobileapi\groupChatRoom\GroupChatRoomService.java
C:\___ProjectsMultilingual\Java\iosmobileapi\src\main\java\com\ramazanfirat\iosmobileapi\chat\normalChat\IChatMessageService.java
C:\___ProjectsMultilingual\Java\iosmobileapi\src\main\java\com\ramazanfirat\iosmobileapi\user\User.java
C:\___ProjectsMultilingual\Java\iosmobileapi\src\main\java\com\ramazanfirat\iosmobileapi\chat\groupChat\GroupChatMessageRepository.java
C:\___ProjectsMultilingual\Java\iosmobileapi\src\main\java\com\ramazanfirat\iosmobileapi\chat\groupChat\GroupChatMessage.java
C:\___ProjectsMultilingual\Java\iosmobileapi\src\main\java\com\ramazanfirat\iosmobileapi\chat\normalChat\ChatMessageService.java
C:\___ProjectsMultilingual\Java\iosmobileapi\src\main\java\com\ramazanfirat\iosmobileapi\chatRoom\IChatRoomService.java
